07-22 06:13:51.487 15776 15801 D CustomTypes: [/Users/owenelliott/Documents/GitHub/GraphicsTweaks/extern/includes/custom-types/shared/register.hpp:132:36 @ AddType] Added instance to register: 0x79b53c84a8
07-22 06:13:51.487 15776 15801 D CustomTypes: [/Users/owenelliott/Documents/GitHub/GraphicsTweaks/extern/includes/custom-types/shared/register.hpp:132:36 @ AddType] Added instance to register: 0x79b53c86a8
07-22 06:13:51.487 15776 15801 D CustomTypes: [/Users/owenelliott/Documents/GitHub/GraphicsTweaks/extern/includes/bsml/shared/BSML/Components/Backgroundable.hpp:7:71 @ addField] Adding instance field: Backgroundable.background new size: 1
07-22 06:13:51.487 15776 15801 D CustomTypes: [/Users/owenelliott/Documents/GitHub/GraphicsTweaks/extern/includes/bsml/shared/BSML/Components/Backgroundable.hpp:7:71 @ addMethod] Adding method: Backgroundable.ApplyBackground new size: 1
07-22 06:13:51.487 15776 15801 D CustomTypes: [/Users/owenelliott/Documents/GitHub/GraphicsTweaks/extern/includes/bsml/shared/BSML/Components/Backgroundable.hpp:7:71 @ addMethod] Adding method: Backgroundable.ApplyColor new size: 2
07-22 06:13:51.487 15776 15801 D CustomTypes: [/Users/owenelliott/Documents/GitHub/GraphicsTweaks/extern/includes/bsml/shared/BSML/Components/Backgroundable.hpp:7:71 @ addMethod] Adding method: Backgroundable.ApplyColor0 new size: 3
07-22 06:13:51.487 15776 15801 D CustomTypes: [/Users/owenelliott/Documents/GitHub/GraphicsTweaks/extern/includes/bsml/shared/BSML/Components/Backgroundable.hpp:7:71 @ addMethod] Adding method: Backgroundable.ApplyColor1 new size: 4
07-22 06:13:51.487 15776 15801 D CustomTypes: [/Users/owenelliott/Documents/GitHub/GraphicsTweaks/extern/includes/bsml/shared/BSML/Components/Backgroundable.hpp:7:71 @ addMethod] Adding method: Backgroundable.ApplyGradient new size: 5
07-22 06:13:51.487 15776 15801 D CustomTypes: [/Users/owenelliott/Documents/GitHub/GraphicsTweaks/extern/includes/bsml/shared/BSML/Components/Backgroundable.hpp:7:71 @ addMethod] Adding method: Backgroundable.ApplyAlpha new size: 6
07-22 06:13:51.487 15776 15801 D CustomTypes: [/Users/owenelliott/Documents/GitHub/GraphicsTweaks/extern/includes/bsml/shared/BSML/SharedCoroutineStarter.hpp:10:79 @ addMethod] Adding method: SharedCoroutineStarter.Awake new size: 1
07-22 06:13:51.487 15776 15801 D CustomTypes: [/Users/owenelliott/Documents/GitHub/GraphicsTweaks/extern/includes/custom-types/shared/register.hpp:132:36 @ AddType] Added instance to register: 0x79b53c8980
07-22 06:13:51.487 15776 15801 I AndroidHelper: [C:/Users/kyles/Documents/BS-Mods/AndroidHelper/src/main.cpp:57:17 @ setup] Completed setup!
07-22 06:13:51.491 15776 15801 I emulator-fpfc: [/Users/owenelliott/Documents/GitHub/Emulator-FPFC/src/main.cpp:119:15 @ setup] Completed setup!
07-22 06:13:51.491 15776 15801 I Lapiz   : [/home/runner/work/Lapiz/Lapiz/src/main.cpp:23:49 @ setup] Lapiz v0.2.22 completed setup!
07-22 06:13:51.491 15776 15801 I MetaCore: [src/main.cpp:21:17 @ setup] Completed setup!
07-22 06:13:51.491 15776 15801 I GraphicsTweaks: [/Users/owenelliott/Documents/GitHub/GraphicsTweaks/src/main.cpp:70:46 @ setup] Setting up GraphicsTweaks  config...
07-22 06:13:51.494 15776 15776 V libmain - patched: load: Loading done
07-22 06:13:51.494 15776 15801 I GraphicsTweaks: [/Users/owenelliott/Documents/GitHub/GraphicsTweaks/src/main.cpp:73:26 @ setup] Completed setup!
07-22 06:13:51.510 15776 15776 V libmain - patched: accept_unity_handle: Calling modloader_accept_unity_handle
07-22 06:13:51.560 15776 15776 V scotland2|v0.1.4: Protecting memory from /proc/self/maps!
07-22 06:13:51.560 15776 15776 V scotland2|v0.1.4: Line: 7a67ad4000-7a67b23000 --xp 000ce000 fe:1a 29                             /apex/com.android.conscrypt/lib64/libcrypto.so
07-22 06:13:51.560 15776 15776 I scotland2|v0.1.4: Protecting memory: 0x7a67ad4000 - 0x7a67b23000 with perms: --xp to: +rx
07-22 06:13:51.560 15776 15776 I scotland2|v0.1.4: Protecting memory: 0x7a67ad4000 (0x4f000) with perms: 5
07-22 06:13:51.560 15776 15776 V scotland2|v0.1.4: Line: 7a75b72000-7a75bc1000 --xp 000ce000 fe:1c 93                             /apex/com.android.art/lib64/libcrypto.so
07-22 06:13:51.560 15776 15776 I scotland2|v0.1.4: Protecting memory: 0x7a75b72000 - 0x7a75bc1000 with perms: --xp to: +rx
07-22 06:13:51.560 15776 15776 I scotland2|v0.1.4: Protecting memory: 0x7a75b72000 (0x4f000) with perms: 5
07-22 06:13:51.561 15776 15776 V scotland2|v0.1.4: Line: 7d3578e000-7d357dd000 --xp 000ce000 fe:00 1770                           /system/lib64/libcrypto.so
07-22 06:13:51.561 15776 15776 I scotland2|v0.1.4: Protecting memory: 0x7d3578e000 - 0x7d357dd000 with perms: --xp to: +rx
07-22 06:13:51.561 15776 15776 I scotland2|v0.1.4: Protecting memory: 0x7d3578e000 (0x4f000) with perms: 5
07-22 06:13:51.561 15776 15776 D scotland2|v0.1.4: Found il2cpp_init at: 0x79aba62470
07-22 06:13:51.561 15776 15776 D flamingo|v0.1.0: Installing hook at: 0x79aba62470, initial dump:
07-22 06:13:51.562 15776 15776 D flamingo|v0.1.0: Addr: 0x79aba62470 Value: 0xa9bf4ffe, stp x30, x19, [sp, #-0x10]!
07-22 06:13:51.562 15776 15776 D flamingo|v0.1.0: Addr: 0x79aba62474 Value: 0xf0ff6001, adrp x1, #0x79aa665000
07-22 06:13:51.562 15776 15776 D flamingo|v0.1.0: Addr: 0x79aba62478 Value: 0xaa0003f3, mov x19, x0
07-22 06:13:51.562 15776 15776 D flamingo|v0.1.0: Addr: 0x79aba6247c Value: 0x9136b821, add x1, x1, #0xdae
07-22 06:13:51.562 15776 15776 D flamingo|v0.1.0: Addr: 0x79aba62480 Value: 0x528000c0, movz w0, #0x6
07-22 06:13:51.562 15776 15776 D flamingo|v0.1.0: Hello from flamingo!
07-22 06:13:51.562 15776 15776 D flamingo|v0.1.0: Fixing up: 4 instructions!
07-22 06:13:51.562 15776 15776 D flamingo|v0.1.0: Fixup for inst: 0xa9bf4ffe at 0x79aba62470: stp
07-22 06:13:51.562 15776 15776 D flamingo|v0.1.0: Fixing up UNKNOWN: 324...
07-22 06:13:51.562 15776 15776 D flamingo|v0.1.0: Fixup for inst: 0xf0ff6001 at 0x79aba62474: adrp
07-22 06:13:51.562 15776 15776 D flamingo|v0.1.0: Fixing up ADRP...
07-22 06:13:51.562 15776 15776 D flamingo|v0.1.0: Fixup for inst: 0xaa0003f3 at 0x79aba62478: mov
07-22 06:13:51.562 15776 15776 D flamingo|v0.1.0: Fixing up UNKNOWN: 42...
07-22 06:13:51.562 15776 15776 D flamingo|v0.1.0: Fixup for inst: 0x9136b821 at 0x79aba6247c: add
07-22 06:13:51.562 15776 15776 D flamingo|v0.1.0: Fixing up UNKNOWN: 6...
07-22 06:13:51.562 15776 15776 D flamingo|v0.1.0: Completed trampoline allocation of: 11 instructions! Out of: 16 Subtracting: 20 with page size: 64
07-22 06:13:51.562 15776 15776 D flamingo|v0.1.0: Marking target: 0xb400007c0c5ee000 as NON writable, page aligned: 0xb400007c0c5ee000
07-22 06:13:51.562 15776 15776 D flamingo|v0.1.0: Marking target: 0x79aba62470 as writable, page aligned: 0x79aba62000
07-22 06:13:51.562 15776 15776 D flamingo|v0.1.0: Completed trampoline allocation of: 4 instructions! Out of: 16 Subtracting: 48 with page size: 64
07-22 06:13:51.562 15776 15776 D flamingo|v0.1.0: Marking target: 0x79aba62470 as NON writable, page aligned: 0x79aba62000
07-22 06:13:51.562 15776 15776 D flamingo|v0.1.0: Hook installed! Target: 0x79aba62470 (il2cpp_init) now will call: 0x7a0ed96434 (hook), with trampoline: 0xb400007c0c5ee000
07-22 06:13:51.562 15776 15776 D flamingo|v0.1.0: Target decoded: 0x79aba62470
07-22 06:13:51.562 15776 15776 D flamingo|v0.1.0: Addr: 0x79aba62470 Value: 0x58000051, ldr x17, #0x79aba62478
07-22 06:13:51.562 15776 15776 D flamingo|v0.1.0: Addr: 0x79aba62474 Value: 0xd61f0220, br x17
07-22 06:13:51.562 15776 15776 D flamingo|v0.1.0: Addr: 0x79aba62478 Value: 0xed96434
07-22 06:13:51.562 15776 15776 D flamingo|v0.1.0: Addr: 0x79aba6247c Value: 0x7a
07-22 06:13:51.562 15776 15776 D flamingo|v0.1.0: Addr: 0x79aba62480 Value: 0x528000c0, movz w0, #0x6
07-22 06:13:51.562 15776 15776 D flamingo|v0.1.0: Trampoline decoded: 0xb400007c0c5ee000
07-22 06:13:51.562 15776 15776 D flamingo|v0.1.0: Addr: 0xb400007c0c5ee000 Value: 0xa9bf4ffe, stp x30, x19, [sp, #-0x10]!
07-22 06:13:51.562 15776 15776 D flamingo|v0.1.0: Addr: 0xb400007c0c5ee004 Value: 0x58000041, ldr x1, #0xb400007c0c5ee00c
07-22 06:13:51.562 15776 15776 D flamingo|v0.1.0: Addr: 0xb400007c0c5ee008 Value: 0x14000003, b #0xb400007c0c5ee014
07-22 06:13:51.562 15776 15776 D flamingo|v0.1.0: Addr: 0xb400007c0c5ee00c Value: 0xaa665000, orn x0, x0, x6, lsr #20
07-22 06:13:51.562 15776 15776 D flamingo|v0.1.0: Addr: 0xb400007c0c5ee010 Value: 0x79
07-22 06:13:51.562 15776 15776 D flamingo|v0.1.0: Addr: 0xb400007c0c5ee014 Value: 0xaa0003f3, mov x19, x0
07-22 06:13:51.562 15776 15776 D flamingo|v0.1.0: Addr: 0xb400007c0c5ee018 Value: 0x9136b821, add x1, x1, #0xdae
07-22 06:13:51.562 15776 15776 D flamingo|v0.1.0: Addr: 0xb400007c0c5ee01c Value: 0x58000051, ldr x17, #0xb400007c0c5ee024
07-22 06:13:51.562 15776 15776 D flamingo|v0.1.0: Addr: 0xb400007c0c5ee020 Value: 0xd61f0220, br x17
07-22 06:13:51.562 15776 15776 D flamingo|v0.1.0: Addr: 0xb400007c0c5ee024 Value: 0xaba62480
07-22 06:13:51.562 15776 15776 D flamingo|v0.1.0: Addr: 0xb400007c0c5ee028 Value: 0x79
07-22 06:13:51.562 15776 15776 D flamingo|v0.1.0: Addr: 0xb400007c0c5ee02c Value: 0x10510
07-22 06:13:51.562 15776 15776 D flamingo|v0.1.0: Addr: 0xb400007c0c5ee030 Value: 0x110213
07-22 06:13:51.562 15776 15776 D flamingo|v0.1.0: Addr: 0xb400007c0c5ee034 Value: 0x190613
07-22 06:13:51.562 15776 15776 D flamingo|v0.1.0: Addr: 0xb400007c0c5ee038 Value: 0x40210
07-22 06:13:51.562 15776 15776 D flamingo|v0.1.0: Addr: 0xb400007c0c5ee03c Value: 0x810316
07-22 06:13:51.562 15776 15776 V libmain - patched: accept_unity_handle: Init done
07-22 06:13:51.562 15776 15776 I libmain - patched: Successfully loaded and initialized /data/app/~~2M1RNdDN80kYr_hdbgjSTg==/com.beatgames.beatsaber-obTSbLnqay9JTrjF7iP-dg==/lib/arm64/libunity.so
07-22 06:13:51.562 15776 15776 D Unity   : CommandLine:  
--------- beginning of system
07-22 06:13:51.572   576   590 W WindowManager: Failed looking up window session=Session{bae5399 15776:u0a10173} callers=com.android.server.wm.WindowManagerService.windowForClientLocked:5972 com.android.server.wm.Session.updateRequestedVisibilities:701 android.view.IWindowSession$Stub.onTransact:1075 
07-22 06:13:51.573   576  2125 D CoreBackPreview: Window{5786a3f u0 com.beatgames.beatsaber/com.unity3d.player.UnityPlayerActivity}: Setting back callback OnBackInvokedCallbackInfo{mCallback=android.window.IOnBackInvokedCallback$Stub$Proxy@c079055, mPriority=0}
07-22 06:13:51.578 15776 15802 D Unity   : SetWindow 0 0xb400007c0c5f38e0
07-22 06:13:51.578 15776 15802 D Unity   : SetWindow 0 0xb400007c0c5f38e0
07-22 06:13:51.578 15776 15776 E SurfaceSyncer: Failed to find sync for id=0
07-22 06:13:51.584   221   221 I hwservicemanager: getTransport: Cannot find entry android.hardware.graphics.mapper@4.0::IMapper/default in either framework or device VINTF manifest.
07-22 06:13:51.585 15776 15776 I Gralloc4: mapper 4.x is not supported
07-22 06:13:51.586 15776 15776 D HostConnection: createUnique: call
07-22 06:13:51.589 15776 15776 D HostConnection: HostConnection::get() New Host Connection established 0xb400007b1c5d8fd0, tid 15776
07-22 06:13:51.591   221   221 I hwservicemanager: getTransport: Cannot find entry android.hardware.graphics.allocator@4.0::IAllocator/default in either framework or device VINTF manifest.
07-22 06:13:51.592   220   220 I servicemanager: Could not find android.hardware.graphics.allocator.IAllocator/default in the VINTF manifest.
07-22 06:13:51.592 15776 15776 W Gralloc4: allocator 4.x is not supported
07-22 06:13:51.596 15776 15776 D HostConnection: HostComposition ext ANDROID_EMU_CHECKSUM_HELPER_v1 ANDROID_EMU_native_sync_v2 ANDROID_EMU_native_sync_v3 ANDROID_EMU_native_sync_v4 ANDROID_EMU_dma_v1 ANDROID_EMU_direct_mem ANDROID_EMU_host_composition_v1 ANDROID_EMU_host_composition_v2 ANDROID_EMU_vulkan ANDROID_EMU_deferred_vulkan_commands ANDROID_EMU_vulkan_null_optional_strings ANDROID_EMU_vulkan_create_resources_with_requirements ANDROID_EMU_YUV_Cache ANDROID_EMU_vulkan_ignored_handles ANDROID_EMU_has_shared_slots_host_memory_allocator ANDROID_EMU_vulkan_free_memory_sync ANDROID_EMU_vulkan_shader_float16_int8 ANDROID_EMU_vulkan_async_queue_submit ANDROID_EMU_vulkan_queue_submit_with_commands ANDROID_EMU_sync_buffer_data ANDROID_EMU_vulkan_async_qsri ANDROID_EMU_read_color_buffer_dma ANDROID_EMU_hwc_multi_configs GL_OES_EGL_image_external_essl3 GL_OES_vertex_array_object ANDROID_EMU_host_side_tracing ANDROID_EMU_gles_max_version_3_0 
07-22 06:13:51.605  1117  1117 W Choreographer: Frame time is 0.186302 ms in the future!  Check that graphics HAL is generating vsync timestamps using the correct timebase.
07-22 06:13:51.619   576   593 I ActivityTaskManager: Displayed com.beatgames.beatsaber/com.unity3d.player.UnityPlayerActivity: +613ms
07-22 06:13:51.625 15776 15776 E SurfaceSyncer: Failed to find sync for id=0
07-22 06:13:51.659   576   590 D CompatibilityChangeReporter: Compat change id reported: 214016041; UID 10173; state: DISABLED
07-22 06:13:51.661 15776 15802 I Unity   : MemoryManager: Using 'Dynamic Heap' Allocator.
07-22 06:13:51.661 15776 15802 D Unity   : [UnityMemory] Configuration Parameters - Can be set up in boot.config
07-22 06:13:51.661 15776 15802 D Unity   :     "memorysetup-allocator-temp-initial-block-size-main=262144"
07-22 06:13:51.661 15776 15802 D Unity   :     "memorysetup-allocator-temp-initial-block-size-worker=262144"
07-22 06:13:51.661 15776 15802 D Unity   :     "memorysetup-bucket-allocator-granularity=16"
07-22 06:13:51.661 15776 15802 D Unity   :     "memorysetup-bucket-allocator-bucket-count=8"
07-22 06:13:51.661 15776 15802 D Unity   :     "memorysetup-bucket-allocator-block-size=4194304"
07-22 06:13:51.661 15776 15802 D Unity   :     "memorysetup-bucket-allocator-block-count=1"
07-22 06:13:51.661 15776 15802 D Unity   :     "memorysetup-main-allocator-block-size=16777216"
07-22 06:13:51.661 15776 15802 D Unity   :     "memorysetup-thread-allocator-block-size=16777216"
07-22 06:13:51.661 15776 15802 D Unity   :     "memorysetup-gfx-main-allocator-block-size=16777216"
07-22 06:13:51.661 15776 15802 D Unity   :     "memorysetup-gfx-thread-allocator-block-size=16777216"
07-22 06:13:51.661 15776 15802 D Unity   :     "memorysetup-cache-allocator-block-size=4194304"
07-22 06:13:51.661 15776 15802 D Unity   :     "memorysetup-typetree-allocator-block-size=2097152"
07-22 06:13:51.661 15776 15802 D Unity   :     "memorysetup-profiler-bucket-allocator-granularity=16"
07-22 06:13:51.661 15776 15802 D Unity   :     "memorysetup-profiler-bucket-allocator-bucket-count=8"
07-22 06:13:51.661 15776 15802 D Unity   :     "memorysetup-profiler-bucket-allocator-block-size=4194304"
07-22 06:13:51.661 15776 15802 D Unity   :     "memorysetup-profiler-bucket-allocator-block-count=1"
07-22 06:13:51.661 15776 15802 D Unity   :     "memorysetup-profiler-allocator-block-size=16777216"
07-22 06:13:51.661 15776 15802 D Unity   :     "memorysetup-profiler-editor-allocator-block-size=1048576"
07-22 06:13:51.661 15776 15802 D Unity   :     "memorysetup-temp-allocator-size-main=4194304"
07-22 06:13:51.661 15776 15802 D Unity   :     "memorysetup-job-temp-allocator-block-size=2097152"
07-22 06:13:51.661 15776 15802 D Unity   :     "memorysetup-job-temp-allocator-block-size-background=1048576"
07-22 06:13:51.661 15776 15802 D Unity   :     "memorysetup-job-temp-allocator-reduction-small-platforms=262144"
07-22 06:13:51.661 15776 15802 D Unity   :     "memorysetup-temp-allocator-size-background-worker=32768"
07-22 06:13:51.661 15776 15802 D Unity   :     "memorysetup-temp-allocator-size-job-worker=262144"
07-22 06:13:51.661 15776 15802 D Unity   :     "memorysetup-temp-allocator-size-preload-manager=262144"
07-22 06:13:51.661 15776 15802 D Unity   :     "memorysetup-temp-allocator-size-nav-mesh-worker=65536"
07-22 06:13:51.661 15776 15802 D Unity   :     "memorysetup-temp-allocator-size-audio-worker=65536"
07-22 06:13:51.661 15776 15802 D Unity   :     "memorysetup-temp-allocator-size-cloud-worker=32768"
07-22 06:13:51.661 15776 15802 D Unity   :     "memorysetup-temp-allocator-size-gfx=262144"
07-22 06:13:51.663  1457  1457 I GoogleInputMethodService: GoogleInputMethodService.onFinishInput():3220 
07-22 06:13:51.665  1457  1457 I GoogleInputMethodService: GoogleInputMethodService.updateDeviceLockedStatus():2114 repeatCheckTimes = 0, unlocked = true
07-22 06:13:51.666  1457  1457 I GoogleInputMethodService: GoogleInputMethodService.onStartInput():1919 onStartInput(EditorInfo{inputType=0x0(NULL) imeOptions=0x0 privateImeOptions=null actionName=UNSPECIFIED actionLabel=null actionId=0 initialSelStart=-1 initialSelEnd=-1 initialCapsMode=0x0 hintText=null label=null packageName=com.beatgames.beatsaber fieldId=2130837504 fieldName=null extras=null}, false)
07-22 06:13:51.667  1457  1457 I GoogleInputMethodService: GoogleInputMethodService.updateDeviceLockedStatus():2114 repeatCheckTimes = 2, unlocked = true
07-22 06:13:51.671 14779 14818 D BtGatt.ScanManager: uid 10110 isForeground true scanMode -1
07-22 06:13:51.671   411   519 W TransactionTracing: Could not find layer id -1
07-22 06:13:51.671   411   519 W TransactionTracing: Could not find layer id -1
07-22 06:13:51.671   411   519 W TransactionTracing: Could not find layer id -1
07-22 06:13:51.671   411   519 W TransactionTracing: Could not find layer id -1
07-22 06:13:51.671   411   519 W TransactionTracing: Could not find layer id -1
07-22 06:13:51.671   411   519 W TransactionTracing: Could not find layer id -1
07-22 06:13:51.675   576   647 D CompatibilityChangeReporter: Compat change id reported: 218533173; UID 10125; state: DISABLED
07-22 06:13:51.679   411   519 W TransactionTracing: Could not find layer handle 0xb400007c43870630
07-22 06:13:51.680   411   519 W TransactionTracing: Could not find layer handle 0xb400007c43874710
07-22 06:13:51.688   411   519 W TransactionTracing: Could not find layer id -1
07-22 06:13:51.699 15776 15802 D Unity   : Enabling Unity systrace
07-22 06:13:51.704 15776 15802 D Unity   : [VFS] Mount /data/app/~~2M1RNdDN80kYr_hdbgjSTg==/com.beatgames.beatsaber-obTSbLnqay9JTrjF7iP-dg==/base.apk
07-22 06:13:51.717 15776 15802 D Unity   : [VFS] Mount /storage/emulated/0/Android/obb/com.beatgames.beatsaber/main.1700.com.beatgames.beatsaber.obb
07-22 06:13:51.787 15776 15802 I Unity   : SystemInfo CPU = ARM64 FP ASIMD AES, Cores = 4, Memory = 2965mb
07-22 06:13:51.787 15776 15802 I Unity   : SystemInfo ARM big.LITTLE configuration: 4 big (mask: 0xf), 0 little (mask: 0x0)
07-22 06:13:51.787 15776 15802 I Unity   : XR UsableCoreMask: 0xf
07-22 06:13:51.787 15776 15802 I Unity   : ApplicationInfo com.beatgames.beatsaber version 1.40.7_7060
07-22 06:13:51.787 15776 15802 I Unity   : Built from '2022.3/staging' branch, Version '2022.3.33f1 (b2c853adf198)', Build type 'Development', Scripting Backend 'il2cpp', CPU 'arm64-v8a', Stripping 'Enabled'
07-22 06:13:51.791 15776 15802 D Unity   : Determine if il2cpp resources need to extracted:
07-22 06:13:51.793 15776 15802 D Unity   :     il2cpp resources are up to date, not extracting
07-22 06:13:51.801   576   657 D ActivityManager: freezing 11285 com.google.android.youtube
07-22 06:13:51.809 15776 15802 D scotland2|v0.1.4: il2cpp_init called with: IL2CPP Root Domain
07-22 06:13:51.938   765   999 W Choreographer: Frame time is 0.32583 ms in the future!  Check that graphics HAL is generating vsync timestamps using the correct timebase.
07-22 06:13:51.977 15776 15802 D flamingo|v0.1.0: Marking target: 0x79aba62470 as writable, page aligned: 0x79aba62000
07-22 06:13:51.977 15776 15802 D flamingo|v0.1.0: Undoing hook of 0x79aba62470 with 4 original instructions
07-22 06:13:51.977 15776 15802 D flamingo|v0.1.0: Target decoded after uninstall: 0x79aba62470
07-22 06:13:51.977 15776 15802 D flamingo|v0.1.0: Addr: 0x79aba62470 Value: 0xa9bf4ffe, stp x30, x19, [sp, #-0x10]!
07-22 06:13:51.977 15776 15802 D flamingo|v0.1.0: Addr: 0x79aba62474 Value: 0xf0ff6001, adrp x1, #0x79aa665000
07-22 06:13:51.977 15776 15802 D flamingo|v0.1.0: Addr: 0x79aba62478 Value: 0xaa0003f3, mov x19, x0
07-22 06:13:51.977 15776 15802 D flamingo|v0.1.0: Addr: 0x79aba6247c Value: 0x9136b821, add x1, x1, #0xdae
07-22 06:13:51.977 15776 15802 D flamingo|v0.1.0: Addr: 0x79aba62480 Value: 0x528000c0, movz w0, #0x6
07-22 06:13:51.977 15776 15802 D scotland2|v0.1.4: Attempting to call load on early mod: /data/user/0/com.beatgames.beatsaber/files/early_mods/libandroidhelper.so
07-22 06:13:51.978 15776 15801 F beatsaber-hook: [src/utils/il2cpp-functions.cpp:508:17 @ Init] il2cpp_functions: Init: Initializing all IL2CPP Functions...
07-22 06:13:51.978 15776 15801 D beatsaber-hook: [src/utils/il2cpp-functions.cpp:516:17 @ Init] Loaded: init, error: (null)
07-22 06:13:51.978 15776 15801 D beatsaber-hook: [src/utils/il2cpp-functions.cpp:517:23 @ Init] Loaded: init_utf16, error: (null)
07-22 06:13:51.978 15776 15801 D beatsaber-hook: [src/utils/il2cpp-functions.cpp:522:21 @ Init] Loaded: shutdown, error: (null)
07-22 06:13:51.978 15776 15801 D beatsaber-hook: [src/utils/il2cpp-functions.cpp:523:27 @ Init] Loaded: set_config_dir, error: (null)
07-22 06:13:51.978 15776 15801 D beatsaber-hook: [src/utils/il2cpp-functions.cpp:524:25 @ Init] Loaded: set_data_dir, error: (null)
07-22 06:13:51.978 15776 15801 D beatsaber-hook: [src/utils/il2cpp-functions.cpp:525:25 @ Init] Loaded: set_temp_dir, error: (null)
07-22 06:13:51.978 15776 15801 D beatsaber-hook: [src/utils/il2cpp-functions.cpp:526:38 @ Init] Loaded: set_commandline_arguments, error: (null)
07-22 06:13:51.978 15776 15801 D beatsaber-hook: [src/utils/il2cpp-functions.cpp:527:44 @ Init] Loaded: set_commandline_arguments_utf16, error: (null)
07-22 06:13:51.978 15776 15801 D beatsaber-hook: [src/utils/il2cpp-functions.cpp:528:29 @ Init] Loaded: set_config_utf16, error: (null)
07-22 06:13:51.978 15776 15801 D beatsaber-hook: [src/utils/il2cpp-functions.cpp:529:23 @ Init] Loaded: set_config, error: (null)
07-22 06:13:51.978 15776 15801 D beatsaber-hook: [src/utils/il2cpp-functions.cpp:530:33 @ Init] Loaded: set_memory_callbacks, error: (null)
07-22 06:13:51.978 15776 15801 D beatsaber-hook: [src/utils/il2cpp-functions.cpp:531:23 @ Init] Loaded: get_corlib, error: (null)
07-22 06:13:51.978 15776 15801 D beatsaber-hook: [src/utils/il2cpp-functions.cpp:532:30 @ Init] Loaded: add_internal_call, error: (null)
07-22 06:13:51.978 15776 15801 D beatsaber-hook: [src/utils/il2cpp-functions.cpp:533:26 @ Init] Loaded: resolve_icall, error: (null)
07-22 06:13:51.978 15776 15801 D beatsaber-hook: [src/utils/il2cpp-functions.cpp:534:18 @ Init] Loaded: alloc, error: (null)
07-22 06:13:51.978 15776 15801 D beatsaber-hook: [src/utils/il2cpp-functions.cpp:535:17 @ Init] Loaded: free, error: (null)
07-22 06:13:51.978 15776 15801 D beatsaber-hook: [src/utils/il2cpp-functions.cpp:536:28 @ Init] Loaded: array_class_get, error: (null)
07-22 06:13:51.978 15776 15801 D beatsaber-hook: [src/utils/il2cpp-functions.cpp:537:25 @ Init] Loaded: array_length, error: (null)
07-22 06:13:51.978 15776 15801 D beatsaber-hook: [src/utils/il2cpp-functions.cpp:538:34 @ Init] Loaded: array_get_byte_length, error: (null)
07-22 06:13:51.978 15776 15801 D beatsaber-hook: [src/utils/il2cpp-functions.cpp:539:22 @ Init] Loaded: array_new, error: (null)
07-22 06:13:51.978 15776 15801 D beatsaber-hook: [src/utils/il2cpp-functions.cpp:540:31 @ Init] Loaded: array_new_specific, error: (null)
07-22 06:13:51.978 15776 15801 D beatsaber-hook: [src/utils/il2cpp-functions.cpp:541:27 @ Init] Loaded: array_new_full, error: (null)
07-22 06:13:51.978 15776 15801 D beatsaber-hook: [src/utils/il2cpp-functions.cpp:542:36 @ Init] Loaded: bounded_array_class_get, error: (null)
07-22 06:13:51.978 15776 15801 D beatsaber-hook: [src/utils/il2cpp-functions.cpp:543:31 @ Init] Loaded: array_element_size, error: (null)
07-22 06:13:51.978 15776 15801 D beatsaber-hook: [src/utils/il2cpp-functions.cpp:544:31 @ Init] Loaded: assembly_get_image, error: (null)
07-22 06:13:51.978   576   590 W InputManager-JNI: Input channel object 'f7e937b Splash Screen com.beatgames.beatsaber (client)' was disposed without first being removed with the input manager!
07-22 06:13:51.978   576  2125 D CoreBackPreview: Window{f7e937b u0 Splash Screen com.beatgames.beatsaber EXITING}: Setting back callback null
07-22 06:13:51.978 15776 15801 D beatsaber-hook: [src/utils/il2cpp-functions.cpp:546:27 @ Init] Loaded: class_for_each, error: (null)
07-22 06:13:51.979 15776 15801 D beatsaber-hook: [src/utils/il2cpp-functions.cpp:548:32 @ Init] Loaded: class_enum_basetype, error: (null)
07-22 06:13:51.979 15776 15801 D beatsaber-hook: [src/utils/il2cpp-functions.cpp:549:29 @ Init] Loaded: class_is_generic, error: (null)
07-22 06:13:51.979 15776 15801 D beatsaber-hook: [src/utils/il2cpp-functions.cpp:550:30 @ Init] Loaded: class_is_inflated, error: (null)
07-22 06:13:51.979 15776 15801 D beatsaber-hook: [src/utils/il2cpp-functions.cpp:551:37 @ Init] Loaded: class_is_assignable_from, error: (null)
07-22 06:13:51.979 15776 15801 D beatsaber-hook: [src/utils/il2cpp-functions.cpp:552:33 @ Init] Loaded: class_is_subclass_of, error: (null)
07-22 06:13:51.979 15776 15801 D beatsaber-hook: [src/utils/il2cpp-functions.cpp:553:29 @ Init] Loaded: class_has_parent, error: (null)
07-22 06:13:51.979 15776 15801 D beatsaber-hook: [src/utils/il2cpp-functions.cpp:554:35 @ Init] Loaded: class_from_il2cpp_type, error: (null)
07-22 06:13:51.979 15776 15801 D beatsaber-hook: [src/utils/il2cpp-functions.cpp:555:28 @ Init] Loaded: class_from_name, error: (null)
07-22 06:13:51.979 15776 15801 D beatsaber-hook: [src/utils/il2cpp-functions.cpp:556:35 @ Init] Loaded: class_from_system_type, error: (null)
07-22 06:13:51.979 15776 15801 D beatsaber-hook: [src/utils/il2cpp-functions.cpp:557:36 @ Init] Loaded: class_get_element_class, error: (null)
07-22 06:13:51.979 15776 15801 D beatsaber-hook: [src/utils/il2cpp-functions.cpp:558:29 @ Init] Loaded: class_get_events, error: (null)
07-22 06:13:51.979 15776 15801 D beatsaber-hook: [src/utils/il2cpp-functions.cpp:559:29 @ Init] Loaded: class_get_fields, error: (null)
07-22 06:13:51.979 15776 15801 D beatsaber-hook: [src/utils/il2cpp-functions.cpp:560:35 @ Init] Loaded: class_get_nested_types, error: (null)
07-22 06:13:51.979 15776 15801 D beatsaber-hook: [src/utils/il2cpp-functions.cpp:561:33 @ Init] Loaded: class_get_interfaces, error: (null)
07-22 06:13:51.979 15776 15801 D beatsaber-hook: [src/utils/il2cpp-functions.cpp:562:33 @ Init] Loaded: class_get_properties, error: (null)
07-22 06:13:51.979 15776 15801 D beatsaber-hook: [src/utils/il2cpp-functions.cpp:563:41 @ Init] Loaded: class_get_property_from_name, error: (null)
07-22 06:13:51.979 15776 15801 D beatsaber-hook: [src/utils/il2cpp-functions.cpp:564:38 @ Init] Loaded: class_get_field_from_name, error: (null)
07-22 06:13:51.979 15776 15801 D beatsaber-hook: [src/utils/il2cpp-functions.cpp:565:30 @ Init] Loaded: class_get_methods, error: (null)
07-22 06:13:51.979 15776 15801 D beatsaber-hook: [src/utils/il2cpp-functions.cpp:566:39 @ Init] Loaded: class_get_method_from_name, error: (null)
07-22 06:13:51.979 15776 15801 D beatsaber-hook: [src/utils/il2cpp-functions.cpp:567:27 @ Init] Loaded: class_get_name, error: (null)
07-22 06:13:51.979 15776 15801 D beatsaber-hook: [src/utils/il2cpp-functions.cpp:569:34 @ Init] Loaded: type_get_name_chunked, error: (null)
07-22 06:13:51.979 15776 15801 D beatsaber-hook: [src/utils/il2cpp-functions.cpp:571:32 @ Init] Loaded: class_get_namespace, error: (null)
07-22 06:13:51.979 15776 15801 D beatsaber-hook: [src/utils/il2cpp-functions.cpp:572:29 @ Init] Loaded: class_get_parent, error: (null)
07-22 06:13:51.979 15776 15801 D beatsaber-hook: [src/utils/il2cpp-functions.cpp:573:37 @ Init] Loaded: class_get_declaring_type, error: (null)
07-22 06:13:51.979 15776 15801 D beatsaber-hook: [src/utils/il2cpp-functions.cpp:574:32 @ Init] Loaded: class_instance_size, error: (null)
07-22 06:13:51.979 15776 15801 D beatsaber-hook: [src/utils/il2cpp-functions.cpp:575:29 @ Init] Loaded: class_num_fields, error: (null)
07-22 06:13:51.979 15776 15801 D beatsaber-hook: [src/utils/il2cpp-functions.cpp:576:31 @ Init] Loaded: class_is_valuetype, error: (null)
07-22 06:13:51.979 15776 15801 D beatsaber-hook: [src/utils/il2cpp-functions.cpp:577:29 @ Init] Loaded: class_value_size, error: (null)
07-22 06:13:51.979 15776 15801 D beatsaber-hook: [src/utils/il2cpp-functions.cpp:578:31 @ Init] Loaded: class_is_blittable, error: (null)
07-22 06:13:51.979 15776 15801 D beatsaber-hook: [src/utils/il2cpp-functions.cpp:579:28 @ Init] Loaded: class_get_flags, error: (null)
07-22 06:13:51.979 15776 15801 D beatsaber-hook: [src/utils/il2cpp-functions.cpp:580:30 @ Init] Loaded: class_is_abstract, error: (null)
07-22 06:13:51.979 15776 15801 D beatsaber-hook: [src/utils/il2cpp-functions.cpp:581:31 @ Init] Loaded: class_is_interface, error: (null)
07-22 06:13:51.979 15776 15801 D beatsaber-hook: [src/utils/il2cpp-functions.cpp:582:37 @ Init] Loaded: class_array_element_size, error: (null)
07-22 06:13:51.979 15776 15801 D beatsaber-hook: [src/utils/il2cpp-functions.cpp:583:28 @ Init] Loaded: class_from_type, error: (null)
07-22 06:13:51.979 15776 15801 D beatsaber-hook: [src/utils/il2cpp-functions.cpp:584:27 @ Init] Loaded: class_get_type, error: (null)
07-22 06:13:51.979 15776 15801 D beatsaber-hook: [src/utils/il2cpp-functions.cpp:585:33 @ Init] Loaded: class_get_type_token, error: (null)
07-22 06:13:51.979 15776 15801 D beatsaber-hook: [src/utils/il2cpp-functions.cpp:586:32 @ Init] Loaded: class_has_attribute, error: (null)
07-22 06:13:51.979 15776 15801 D beatsaber-hook: [src/utils/il2cpp-functions.cpp:587:33 @ Init] Loaded: class_has_references, error: (null)
07-22 06:13:51.979 15776 15801 D beatsaber-hook: [src/utils/il2cpp-functions.cpp:588:26 @ Init] Loaded: class_is_enum, error: (null)
07-22 06:13:51.979 15776 15801 D beatsaber-hook: [src/utils/il2cpp-functions.cpp:589:28 @ Init] Loaded: class_get_image, error: (null)
07-22 06:13:51.979 15776 15801 D beatsaber-hook: [src/utils/il2cpp-functions.cpp:590:35 @ Init] Loaded: class_get_assemblyname, error: (null)
07-22 06:13:51.979 15776 15801 D beatsaber-hook: [src/utils/il2cpp-functions.cpp:591:27 @ Init] Loaded: class_get_rank, error: (null)
07-22 06:13:51.979 15776 15801 D beatsaber-hook: [src/utils/il2cpp-functions.cpp:593:32 @ Init] Loaded: class_get_data_size, error: (null)
07-22 06:13:51.979 15776 15801 D beatsaber-hook: [src/utils/il2cpp-functions.cpp:594:40 @ Init] Loaded: class_get_static_field_data, error: (null)
07-22 06:13:51.979 15776 15801 D beatsaber-hook: [src/utils/il2cpp-functions.cpp:596:34 @ Init] Loaded: class_get_bitmap_size, error: (null)
07-22 06:13:51.979 15776 15801 D beatsaber-hook: [src/utils/il2cpp-functions.cpp:597:29 @ Init] Loaded: class_get_bitmap, error: (null)
07-22 06:13:51.979 15776 15801 D beatsaber-hook: [src/utils/il2cpp-functions.cpp:598:31 @ Init] Loaded: stats_dump_to_file, error: (null)
07-22 06:13:51.979 15776 15801 D beatsaber-hook: [src/utils/il2cpp-functions.cpp:599:28 @ Init] Loaded: stats_get_value, error: (null)
07-22 06:13:51.979 15776 15801 D beatsaber-hook: [src/utils/il2cpp-functions.cpp:600:23 @ Init] Loaded: domain_get, error: (null)
07-22 06:13:51.979 15776 15801 D beatsaber-hook: [src/utils/il2cpp-functions.cpp:601:33 @ Init] Loaded: domain_assembly_open, error: (null)
07-22 06:13:51.979 15776 15801 D beatsaber-hook: [src/utils/il2cpp-functions.cpp:602:34 @ Init] Loaded: domain_get_assemblies, error: (null)
07-22 06:13:51.979 15776 15801 D beatsaber-hook: [src/utils/il2cpp-functions.cpp:604:28 @ Init] Loaded: raise_exception, error: (null)
07-22 06:13:51.979 15776 15801 D beatsaber-hook: [src/utils/il2cpp-functions.cpp:606:36 @ Init] Loaded: exception_from_name_msg, error: (null)
07-22 06:13:51.979 15776 15801 D beatsaber-hook: [src/utils/il2cpp-functions.cpp:607:40 @ Init] Loaded: get_exception_argument_null, error: (null)
07-22 06:13:51.979 15776 15801 D beatsaber-hook: [src/utils/il2cpp-functions.cpp:608:29 @ Init] Loaded: format_exception, error: (null)
07-22 06:13:51.979 15776 15801 D beatsaber-hook: [src/utils/il2cpp-functions.cpp:609:31 @ Init] Loaded: format_stack_trace, error: (null)
07-22 06:13:51.979 15776 15801 D beatsaber-hook: [src/utils/il2cpp-functions.cpp:610:32 @ Init] Loaded: unhandled_exception, error: (null)
07-22 06:13:51.979 15776 15801 D beatsaber-hook: [src/utils/il2cpp-functions.cpp:611:28 @ Init] Loaded: field_get_flags, error: (null)
07-22 06:13:51.979 15776 15801 D beatsaber-hook: [src/utils/il2cpp-functions.cpp:612:27 @ Init] Loaded: field_get_name, error: (null)
07-22 06:13:51.979 15776 15801 D beatsaber-hook: [src/utils/il2cpp-functions.cpp:613:29 @ Init] Loaded: field_get_parent, error: (null)
07-22 06:13:51.979 15776 15801 D beatsaber-hook: [src/utils/il2cpp-functions.cpp:614:29 @ Init] Loaded: field_get_offset, error: (null)
07-22 06:13:51.979 15776 15801 D beatsaber-hook: [src/utils/il2cpp-functions.cpp:615:27 @ Init] Loaded: field_get_type, error: (null)
07-22 06:13:51.979 15776 15801 D beatsaber-hook: [src/utils/il2cpp-functions.cpp:616:28 @ Init] Loaded: field_get_value, error: (null)
07-22 06:13:51.979 15776 15801 D beatsaber-hook: [src/utils/il2cpp-functions.cpp:617:35 @ Init] Loaded: field_get_value_object, error: (null)
07-22 06:13:51.979 15776 15801 D beatsaber-hook: [src/utils/il2cpp-functions.cpp:618:32 @ Init] Loaded: field_has_attribute, error: (null)
07-22 06:13:51.979 15776 15801 D beatsaber-hook: [src/utils/il2cpp-functions.cpp:619:28 @ Init] Loaded: field_set_value, error: (null)
07-22 06:13:51.979 15776 15801 D beatsaber-hook: [src/utils/il2cpp-functions.cpp:620:35 @ Init] Loaded: field_static_get_value, error: (null)
07-22 06:13:51.979 15776 15801 D beatsaber-hook: [src/utils/il2cpp-functions.cpp:621:35 @ Init] Loaded: field_static_set_value, error: (null)
07-22 06:13:51.979 15776 15801 D beatsaber-hook: [src/utils/il2cpp-functions.cpp:622:35 @ Init] Loaded: field_set_value_object, error: (null)
07-22 06:13:51.979 15776 15801 D beatsaber-hook: [src/utils/il2cpp-functions.cpp:624:29 @ Init] Loaded: field_is_literal, error: (null)
07-22 06:13:51.979 15776 15801 D beatsaber-hook: [src/utils/il2cpp-functions.cpp:626:23 @ Init] Loaded: gc_collect, error: (null)
07-22 06:13:51.979 15776 15801 D beatsaber-hook: [src/utils/il2cpp-functions.cpp:627:32 @ Init] Loaded: gc_collect_a_little, error: (null)
07-22 06:13:51.979 15776 15801 D beatsaber-hook: [src/utils/il2cpp-functions.cpp:628:23 @ Init] Loaded: gc_disable, error: (null)
07-22 06:13:51.979 15776 15801 D beatsaber-hook: [src/utils/il2cpp-functions.cpp:629:22 @ Init] Loaded: gc_enable, error: (null)
07-22 06:13:51.979 15776 15801 D beatsaber-hook: [src/utils/il2cpp-functions.cpp:630:27 @ Init] Loaded: gc_is_disabled, error: (null)
07-22 06:13:51.979 15776 15801 D beatsaber-hook: [src/utils/il2cpp-functions.cpp:632:37 @ Init] Loaded: gc_get_max_time_slice_ns, error: (null)
07-22 06:13:51.979 15776 15801 D beatsaber-hook: [src/utils/il2cpp-functions.cpp:633:37 @ Init] Loaded: gc_set_max_time_slice_ns, error: (null)
07-22 06:13:51.979 15776 15801 D beatsaber-hook: [src/utils/il2cpp-functions.cpp:634:30 @ Init] Loaded: gc_is_incremental, error: (null)
07-22 06:13:51.979 15776 15801 D beatsaber-hook: [src/utils/il2cpp-functions.cpp:636:29 @ Init] Loaded: gc_get_used_size, error: (null)
07-22 06:13:51.979 15776 15801 D beatsaber-hook: [src/utils/il2cpp-functions.cpp:637:29 @ Init] Loaded: gc_get_heap_size, error: (null)
07-22 06:13:51.979 15776 15801 D beatsaber-hook: [src/utils/il2cpp-functions.cpp:638:34 @ Init] Loaded: gc_wbarrier_set_field, error: (null)
07-22 06:13:51.979 15776 15801 D beatsaber-hook: [src/utils/il2cpp-functions.cpp:640:36 @ Init] Loaded: gc_has_strict_wbarriers, error: (null)
07-22 06:13:51.979 15776 15801 D beatsaber-hook: [src/utils/il2cpp-functions.cpp:641:47 @ Init] Loaded: gc_set_external_allocation_tracker, error: (null)
07-22 06:13:51.979 15776 15801 D beatsaber-hook: [src/utils/il2cpp-functions.cpp:642:45 @ Init] Loaded: gc_set_external_wbarrier_tracker, error: (null)
07-22 06:13:51.979 15776 15801 D beatsaber-hook: [src/utils/il2cpp-functions.cpp:643:28 @ Init] Loaded: gc_foreach_heap, error: (null)
07-22 06:13:51.979 15776 15801 D beatsaber-hook: [src/utils/il2cpp-functions.cpp:644:26 @ Init] Loaded: gc_free_fixed, error: (null)
07-22 06:13:51.979 15776 15801 D beatsaber-hook: [src/utils/il2cpp-functions.cpp:645:27 @ Init] Loaded: gc_alloc_fixed, error: (null)
07-22 06:13:51.979 15776 15801 D beatsaber-hook: [src/utils/il2cpp-functions.cpp:646:26 @ Init] Loaded: stop_gc_world, error: (null)
07-22 06:13:51.979 15776 15801 D beatsaber-hook: [src/utils/il2cpp-functions.cpp:647:27 @ Init] Loaded: start_gc_world, error: (null)
07-22 06:13:51.979 15776 15801 D beatsaber-hook: [src/utils/il2cpp-functions.cpp:649:25 @ Init] Loaded: gchandle_new, error: (null)
07-22 06:13:51.979 15776 15801 D beatsaber-hook: [src/utils/il2cpp-functions.cpp:650:33 @ Init] Loaded: gchandle_new_weakref, error: (null)
07-22 06:13:51.979 15776 15801 D beatsaber-hook: [src/utils/il2cpp-functions.cpp:651:32 @ Init] Loaded: gchandle_get_target, error: (null)
07-22 06:13:51.979 15776 15801 D beatsaber-hook: [src/utils/il2cpp-functions.cpp:652:26 @ Init] Loaded: gchandle_free, error: (null)
07-22 06:13:51.979 15776 15801 D beatsaber-hook: [src/utils/il2cpp-functions.cpp:654:40 @ Init] Loaded: gchandle_foreach_get_target, error: (null)
07-22 06:13:51.979 15776 15801 D beatsaber-hook: [src/utils/il2cpp-functions.cpp:655:31 @ Init] Loaded: object_header_size, error: (null)
07-22 06:13:51.979 15776 15801 D beatsaber-hook: [src/utils/il2cpp-functions.cpp:656:37 @ Init] Loaded: array_object_header_size, error: (null)
07-22 06:13:51.979 15776 15801 D beatsaber-hook: [src/utils/il2cpp-functions.cpp:657:58 @ Init] Loaded: offset_of_array_length_in_array_object_header, error: (null)
07-22 06:13:51.979 15776 15801 D beatsaber-hook: [src/utils/il2cpp-functions.cpp:658:58 @ Init] Loaded: offset_of_array_bounds_in_array_object_header, error: (null)
07-22 06:13:51.979 15776 15801 D beatsaber-hook: [src/utils/il2cpp-functions.cpp:659:35 @ Init] Loaded: allocation_granularity, error: (null)
07-22 06:13:51.979 15776 15801 D beatsaber-hook: [src/utils/il2cpp-functions.cpp:666:43 @ Init] Loaded: unity_liveness_allocate_struct, error: (null)
07-22 06:13:51.979 15776 15801 D beatsaber-hook: [src/utils/il2cpp-functions.cpp:667:36 @ Init] Loaded: unity_liveness_finalize, error: (null)
07-22 06:13:51.979 15776 15801 D beatsaber-hook: [src/utils/il2cpp-functions.cpp:668:39 @ Init] Loaded: unity_liveness_free_struct, error: (null)
07-22 06:13:51.979 15776 15801 D beatsaber-hook: [src/utils/il2cpp-functions.cpp:670:49 @ Init] Loaded: unity_liveness_calculation_from_root, error: (null)
07-22 06:13:51.979 15776 15801 D beatsaber-hook: [src/utils/il2cpp-functions.cpp:671:52 @ Init] Loaded: unity_liveness_calculation_from_statics, error: (null)
07-22 06:13:51.979 15776 15801 D beatsaber-hook: [src/utils/il2cpp-functions.cpp:672:35 @ Init] Loaded: method_get_return_type, error: (null)
07-22 06:13:51.979 15776 15801 D beatsaber-hook: [src/utils/il2cpp-functions.cpp:673:38 @ Init] Loaded: method_get_declaring_type, error: (null)
07-22 06:13:51.979 15776 15801 D beatsaber-hook: [src/utils/il2cpp-functions.cpp:674:28 @ Init] Loaded: method_get_name, error: (null)
07-22 06:13:51.979 15776 15801 D beatsaber-hook: [src/utils/il2cpp-functions.cpp:675:39 @ Init] Loaded: method_get_from_reflection, error: (null)
07-22 06:13:51.979 15776 15801 D beatsaber-hook: [src/utils/il2cpp-functions.cpp:676:30 @ Init] Loaded: method_get_object, error: (null)
07-22 06:13:51.979 15776 15801 D beatsaber-hook: [src/utils/il2cpp-functions.cpp:677:30 @ Init] Loaded: method_is_generic, error: (null)
07-22 06:13:51.979 15776 15801 D beatsaber-hook: [src/utils/il2cpp-functions.cpp:678:31 @ Init] Loaded: method_is_inflated, error: (null)
07-22 06:13:51.979 15776 15801 D beatsaber-hook: [src/utils/il2cpp-functions.cpp:679:31 @ Init] Loaded: method_is_instance, error: (null)
07-22 06:13:51.979 15776 15801 D beatsaber-hook: [src/utils/il2cpp-functions.cpp:680:35 @ Init] Loaded: method_get_param_count, error: (null)
07-22 06:13:51.979 15776 15801 D beatsaber-hook: [src/utils/il2cpp-functions.cpp:681:29 @ Init] Loaded: method_get_param, error: (null)
07-22 06:13:51.979 15776 15801 D beatsaber-hook: [src/utils/il2cpp-functions.cpp:682:29 @ Init] Loaded: method_get_class, error: (null)
07-22 06:13:51.979 15776 15801 D beatsaber-hook: [src/utils/il2cpp-functions.cpp:683:33 @ Init] Loaded: method_has_attribute, error: (null)
07-22 06:13:51.979 15776 15801 D beatsaber-hook: [src/utils/il2cpp-functions.cpp:684:29 @ Init] Loaded: method_get_flags, error: (null)
07-22 06:13:51.979 15776 15801 D beatsaber-hook: [src/utils/il2cpp-functions.cpp:685:29 @ Init] Loaded: method_get_token, error: (null)
07-22 06:13:51.979 15776 15801 D beatsaber-hook: [src/utils/il2cpp-functions.cpp:686:34 @ Init] Loaded: method_get_param_name, error: (null)
07-22 06:13:51.979 15776 15801 D beatsaber-hook: [src/utils/il2cpp-functions.cpp:689:29 @ Init] Loaded: profiler_install, error: (null)
07-22 06:13:51.979 15776 15801 D beatsaber-hook: [src/utils/il2cpp-functions.cpp:690:32 @ Init] Loaded: profiler_set_events, error: (null)
07-22 06:13:51.979 15776 15801 D beatsaber-hook: [src/utils/il2cpp-functions.cpp:691:41 @ Init] Loaded: profiler_install_enter_leave, error: (null)
07-22 06:13:51.979 15776 15801 D beatsaber-hook: [src/utils/il2cpp-functions.cpp:692:40 @ Init] Loaded: profiler_install_allocation, error: (null)
07-22 06:13:51.979 15776 15801 D beatsaber-hook: [src/utils/il2cpp-functions.cpp:693:32 @ Init] Loaded: profiler_install_gc, error: (null)
07-22 06:13:51.979 15776 15801 D beatsaber-hook: [src/utils/il2cpp-functions.cpp:694:36 @ Init] Loaded: profiler_install_fileio, error: (null)
07-22 06:13:51.979 15776 15801 D beatsaber-hook: [src/utils/il2cpp-functions.cpp:695:36 @ Init] Loaded: profiler_install_thread, error: (null)
07-22 06:13:51.979 15776 15801 D beatsaber-hook: [src/utils/il2cpp-functions.cpp:697:31 @ Init] Loaded: property_get_flags, error: (null)
07-22 06:13:51.979 15776 15801 D beatsaber-hook: [src/utils/il2cpp-functions.cpp:698:36 @ Init] Loaded: property_get_get_method, error: (null)
07-22 06:13:51.979 15776 15801 D beatsaber-hook: [src/utils/il2cpp-functions.cpp:699:36 @ Init] Loaded: property_get_set_method, error: (null)
07-22 06:13:51.979 15776 15801 D beatsaber-hook: [src/utils/il2cpp-functions.cpp:700:30 @ Init] Loaded: property_get_name, error: (null)
07-22 06:13:51.979 15776 15801 D beatsaber-hook: [src/utils/il2cpp-functions.cpp:701:32 @ Init] Loaded: property_get_parent, error: (null)
07-22 06:13:51.979 15776 15801 D beatsaber-hook: [src/utils/il2cpp-functions.cpp:702:29 @ Init] Loaded: object_get_class, error: (null)
07-22 06:13:51.979 15776 15801 D beatsaber-hook: [src/utils/il2cpp-functions.cpp:703:28 @ Init] Loaded: object_get_size, error: (null)
07-22 06:13:51.979 15776 15801 D beatsaber-hook: [src/utils/il2cpp-functions.cpp:704:38 @ Init] Loaded: object_get_virtual_method, error: (null)
07-22 06:13:51.979 15776 15801 D beatsaber-hook: [src/utils/il2cpp-functions.cpp:705:23 @ Init] Loaded: object_new, error: (null)
07-22 06:13:51.979 15776 15801 D beatsaber-hook: [src/utils/il2cpp-functions.cpp:707:25 @ Init] Loaded: object_unbox, error: (null)
07-22 06:13:51.979 15776 15801 D beatsaber-hook: [src/utils/il2cpp-functions.cpp:709:22 @ Init] Loaded: value_box, error: (null)
07-22 06:13:51.979 15776 15801 D beatsaber-hook: [src/utils/il2cpp-functions.cpp:710:26 @ Init] Loaded: monitor_enter, error: (null)
07-22 06:13:51.979 15776 15801 D beatsaber-hook: [src/utils/il2cpp-functions.cpp:711:30 @ Init] Loaded: monitor_try_enter, error: (null)
07-22 06:13:51.979 15776 15801 D beatsaber-hook: [src/utils/il2cpp-functions.cpp:712:25 @ Init] Loaded: monitor_exit, error: (null)
07-22 06:13:51.979 15776 15801 D beatsaber-hook: [src/utils/il2cpp-functions.cpp:713:26 @ Init] Loaded: monitor_pulse, error: (null)
07-22 06:13:51.979 15776 15801 D beatsaber-hook: [src/utils/il2cpp-functions.cpp:714:30 @ Init] Loaded: monitor_pulse_all, error: (null)
07-22 06:13:51.979 15776 15801 D beatsaber-hook: [src/utils/il2cpp-functions.cpp:715:25 @ Init] Loaded: monitor_wait, error: (null)
07-22 06:13:51.979 15776 15801 D beatsaber-hook: [src/utils/il2cpp-functions.cpp:716:29 @ Init] Loaded: monitor_try_wait, error: (null)
07-22 06:13:51.979 15776 15801 D beatsaber-hook: [src/utils/il2cpp-functions.cpp:717:27 @ Init] Loaded: runtime_invoke, error: (null)
07-22 06:13:51.979 15776 15801 D beatsaber-hook: [src/utils/il2cpp-functions.cpp:718:40 @ Init] Loaded: runtime_invoke_convert_args, error: (null)
07-22 06:13:51.979 15776 15801 D beatsaber-hook: [src/utils/il2cpp-functions.cpp:719:31 @ Init] Loaded: runtime_class_init, error: (null)
07-22 06:13:51.979 15776 15801 D beatsaber-hook: [src/utils/il2cpp-functions.cpp:720:32 @ Init] Loaded: runtime_object_init, error: (null)
07-22 06:13:51.979 15776 15801 D beatsaber-hook: [src/utils/il2cpp-functions.cpp:721:42 @ Init] Loaded: runtime_object_init_exception, error: (null)
07-22 06:13:51.979 15776 15801 D beatsaber-hook: [src/utils/il2cpp-functions.cpp:722:51 @ Init] Loaded: runtime_unhandled_exception_policy_set, error: (null)
07-22 06:13:51.979 15776 15801 D beatsaber-hook: [src/utils/il2cpp-functions.cpp:723:26 @ Init] Loaded: string_length, error: (null)
07-22 06:13:51.979 15776 15801 D beatsaber-hook: [src/utils/il2cpp-functions.cpp:724:25 @ Init] Loaded: string_chars, error: (null)
07-22 06:13:51.979 15776 15801 D beatsaber-hook: [src/utils/il2cpp-functions.cpp:725:23 @ Init] Loaded: string_new, error: (null)
07-22 06:13:51.979 15776 15801 D beatsaber-hook: [src/utils/il2cpp-functions.cpp:726:27 @ Init] Loaded: string_new_len, error: (null)
07-22 06:13:51.979 15776 15801 D beatsaber-hook: [src/utils/il2cpp-functions.cpp:727:29 @ Init] Loaded: string_new_utf16, error: (null)
07-22 06:13:51.979 15776 15801 D beatsaber-hook: [src/utils/il2cpp-functions.cpp:728:31 @ Init] Loaded: string_new_wrapper, error: (null)
07-22 06:13:51.979 15776 15801 D beatsaber-hook: [src/utils/il2cpp-functions.cpp:729:26 @ Init] Loaded: string_intern, error: (null)
07-22 06:13:51.979 15776 15801 D beatsaber-hook: [src/utils/il2cpp-functions.cpp:730:31 @ Init] Loaded: string_is_interned, error: (null)
07-22 06:13:51.979 15776 15801 D beatsaber-hook: [src/utils/il2cpp-functions.cpp:731:27 @ Init] Loaded: thread_current, error: (null)
07-22 06:13:51.979 15776 15801 D beatsaber-hook: [src/utils/il2cpp-functions.cpp:732:26 @ Init] Loaded: thread_attach, error: (null)
07-22 06:13:51.979 15776 15801 D beatsaber-hook: [src/utils/il2cpp-functions.cpp:733:26 @ Init] Loaded: thread_detach, error: (null)
07-22 06:13:51.979 15776 15801 D beatsaber-hook: [src/utils/il2cpp-functions.cpp:734:44 @ Init] Loaded: thread_get_all_attached_threads, error: (null)
07-22 06:13:51.979 15776 15801 D beatsaber-hook: [src/utils/il2cpp-functions.cpp:735:25 @ Init] Loaded: is_vm_thread, error: (null)
07-22 06:13:51.979 15776 15801 D beatsaber-hook: [src/utils/il2cpp-functions.cpp:736:44 @ Init] Loaded: current_thread_walk_frame_stack, error: (null)
07-22 06:13:51.979 15776 15801 D beatsaber-hook: [src/utils/il2cpp-functions.cpp:737:36 @ Init] Loaded: thread_walk_frame_stack, error: (null)
07-22 06:13:51.979 15776 15801 D beatsaber-hook: [src/utils/il2cpp-functions.cpp:738:41 @ Init] Loaded: current_thread_get_top_frame, error: (null)
07-22 06:13:51.985 15776 15801 D beatsaber-hook: [src/utils/il2cpp-functions.cpp:739:33 @ Init] Loaded: thread_get_top_frame, error: (null)
07-22 06:13:51.985 15776 15801 D beatsaber-hook: [src/utils/il2cpp-functions.cpp:740:40 @ Init] Loaded: current_thread_get_frame_at, error: (null)
07-22 06:13:51.985 15776 15801 D beatsaber-hook: [src/utils/il2cpp-functions.cpp:741:32 @ Init] Loaded: thread_get_frame_at, error: (null)
07-22 06:13:51.985 15776 15801 D beatsaber-hook: [src/utils/il2cpp-functions.cpp:742:43 @ Init] Loaded: current_thread_get_stack_depth, error: (null)
07-22 06:13:51.985 15776 15801 D beatsaber-hook: [src/utils/il2cpp-functions.cpp:743:35 @ Init] Loaded: thread_get_stack_depth, error: (null)
07-22 06:13:51.985 15776 15801 D beatsaber-hook: [src/utils/il2cpp-functions.cpp:745:37 @ Init] Loaded: override_stack_backtrace, error: (null)
07-22 06:13:51.985 15776 15801 D beatsaber-hook: [src/utils/il2cpp-functions.cpp:747:28 @ Init] Loaded: type_get_object, error: (null)
07-22 06:13:51.985 15776 15801 D beatsaber-hook: [src/utils/il2cpp-functions.cpp:748:26 @ Init] Loaded: type_get_type, error: (null)
07-22 06:13:51.985 15776 15801 D beatsaber-hook: [src/utils/il2cpp-functions.cpp:749:44 @ Init] Loaded: type_get_class_or_element_class, error: (null)
07-22 06:13:51.985 15776 15801 D beatsaber-hook: [src/utils/il2cpp-functions.cpp:750:26 @ Init] Loaded: type_get_name, error: (null)
07-22 06:13:51.985 15776 15801 D beatsaber-hook: [src/utils/il2cpp-functions.cpp:751:26 @ Init] Loaded: type_is_byref, error: (null)
07-22 06:13:51.985 15776 15801 D beatsaber-hook: [src/utils/il2cpp-functions.cpp:752:27 @ Init] Loaded: type_get_attrs, error: (null)
07-22 06:13:51.985 15776 15801 D beatsaber-hook: [src/utils/il2cpp-functions.cpp:753:24 @ Init] Loaded: type_equals, error: (null)
07-22 06:13:51.985 15776 15801 D beatsaber-hook: [src/utils/il2cpp-functions.cpp:754:45 @ Init] Loaded: type_get_assembly_qualified_name, error: (null)
07-22 06:13:51.985 15776 15801 D beatsaber-hook: [src/utils/il2cpp-functions.cpp:756:27 @ Init] Loaded: type_is_static, error: (null)
07-22 06:13:51.985 15776 15801 D beatsaber-hook: [src/utils/il2cpp-functions.cpp:757:33 @ Init] Loaded: type_is_pointer_type, error: (null)
07-22 06:13:51.985 15776 15801 D beatsaber-hook: [src/utils/il2cpp-functions.cpp:759:31 @ Init] Loaded: image_get_assembly, error: (null)
